// Jest Snapshot v1, https://goo.gl/fbAQLP

exports[`rendersInstruction 1`] = `
<DocumentFragment>
  <div
    class="instructions MuiBox-root css-0"
  >
    <header
      class="instruction-header"
    >
      Instruction
    </header>
    <ul
      class="MuiList-root MuiList-padding css-h4y409-MuiList-root"
    >
      <li
        class="MuiListItem-root MuiListItem-gutters MuiListItem-padding css-1p823my-MuiListItem-root"
      >
        PLACE X,Y,F - will put the toy robot on the table in position X,Y and facing NORTH, SOUTH, EAST or WEST.
      </li>
      <li
        class="MuiListItem-root MuiListItem-gutters MuiListItem-padding css-1p823my-MuiListItem-root"
      >
        MOVE - will move the toy robot one unit forward in the direction it is currently facing.
      </li>
      <li
        class="MuiListItem-root MuiListItem-gutters MuiListItem-padding css-1p823my-MuiListItem-root"
      >
        LEFT | RIGHT - will rotate the robot 90 degrees in the specified direction without changing the position of the robot.
      </li>
      <li
        class="MuiListItem-root MuiListItem-gutters MuiListItem-padding css-1p823my-MuiListItem-root"
      >
        REPORT - will announce the X,Y and F of the robot. This can be in any form, but standard output is sufficient.
      </li>
    </ul>
  </div>
</DocumentFragment>
`;
